// Jest Snapshot v1, https://goo.gl/fbAQLP

exports[`Feedback - Time component snapshot - time component 1`] = `
<div
  className="footer"
>
  <div
    className="footer_content"
  >
    <h3
      className="footer_content_title"
    >
      Заголовок
    </h3>
    <p
      className="footer_content__text"
    >
      ОписаниОписание Описание  Описание Описание Описание  Описаниее
    </p>
    <a
      className="footer_content__anchor"
      href="https://www.figma.com/file/AJg92P4NRV0azZ31k5KLIY/%D0%A2%D0%B5%D1%81%D1%82%D0%BE%D0%B2%D0%BE%D0%B5-%D0%B7%D0%B0%D0%B4%D0%B0%D0%BD%D0%B8%D0%B5-%D0%B4%D0%BB%D1%8F-%D1%80%D0%B0%D0%B7%D1%80%D0%B0%D0%B1%D0%BE%D1%82%D1%87%D0%B8%D0%BA%D0%B0?node-id=12%3A42"
    >
      500na700.ru
    </a>
  </div>
  <div
    className="footer_social"
  >
    <img
      alt="vk"
      src="test-file-stub"
    />
    <img
      alt="facebook"
      src="test-file-stub"
    />
    <img
      alt="tiktok"
      src="test-file-stub"
    />
    <img
      alt="youtube"
      src="test-file-stub"
    />
  </div>
</div>
`;
