// Jest Snapshot v1, https://goo.gl/fbAQLP

exports[`Feedback - App component snapshot - app component 1`] = `
<div
  className="App"
>
  <Menu />
  <CarouselComponent />
  <Faq />
  <News />
  <Feedback />
  <Footer />
</div>
`;
