// Jest Snapshot v1, https://goo.gl/fbAQLP

exports[`Feedback - Date component snapshot - date component 1`] = `
<input
  className="feedback_input"
  max="2022-04-28"
  min="2022-04-18"
  name="date"
  onChange={[Function]}
  type="date"
  value="2022-04-18"
/>
`;
